// Jest Snapshot v1, https://goo.gl/fbAQLP

exports[`renders correctly 1`] = `
<dt>
  &gt;
  <span
    className="badge"
  >
    BLBL
  </span>
  <span
    className="badge"
  >
    120
     
    pt(s)
  </span>
</dt>
`;
